Units and locations in library 'E:\Products\MCU_BuildTools\HC08\cw_hc08_Build_Tools_091007\CodeWarrior\lib\hc08c\lib\ansiis.lib'
Unit name         size     from       to
ALLOC.C.o        19093   243507   262600
ASSERT.C.o        3720      156     3876
CTYPE.C.o        10256     3876    14132
EMBEDDED.C.o     12828    14132    26960
HEAP.C.o          4317    26960    31277
INOUT.C.o         9052    31277    40329
LOCALE.C.o        4541    40329    44870
PRINTF.C.o       17024    44870    61894
RTSHC08.C.o      81144    61894   143038
SCANF.C.o        13836   143038   156874
SETJMP.C.o        5293   156874   162167
SIGNAL.C.o        5124   162167   167291
STDLIB.C.o       37824   167291   205115
STRING.C.o       30808   205115   235923
TERMINAL.C.o      7584   235923   243507

EXPORTED OBJECTS
INOUT_ReadInt                F   (INOUT.C.o)
INOUT_TermChar               F   (INOUT.C.o)
INOUT_WriteInt               F   (INOUT.C.o)
INOUT_WriteLong              F   (INOUT.C.o)
TERMIO_GetChar               I   (EMBEDDED.C.o)
TERMIO_GetChar               I   (TERMINAL.C.o)
TERMIO_Init                  I   (EMBEDDED.C.o)
TERMIO_PutChar               I   (EMBEDDED.C.o)
TERMIO_PutChar               I   (TERMINAL.C.o)
TERM_Direct                  I   (EMBEDDED.C.o)
TERM_Direct                  F   (TERMINAL.C.o)
TERM_Read                    I   (EMBEDDED.C.o)
TERM_Read                    I   (INOUT.C.o)
TERM_Read                    F   (TERMINAL.C.o)
TERM_ReadString              I   (EMBEDDED.C.o)
TERM_ReadString              F   (TERMINAL.C.o)
TERM_Write                   I   (EMBEDDED.C.o)
TERM_Write                   I   (INOUT.C.o)
TERM_Write                   F   (TERMINAL.C.o)
TERM_WriteLn                 F   (TERMINAL.C.o)
TERM_WriteString             I   (EMBEDDED.C.o)
TERM_WriteString             F   (TERMINAL.C.o)
_BDIVS                       F   (RTSHC08.C.o)
_BMODS                       F   (RTSHC08.C.o)
_BMULS                       F   (RTSHC08.C.o)
_CALL_STAR08                 F   (RTSHC08.C.o)
_CALL_STAR08                 I   (STDLIB.C.o)
_CALL_STAR08_FAR             F   (RTSHC08.C.o)
_CMP24                       F   (RTSHC08.C.o)
_CMP24_RC                    F   (RTSHC08.C.o)
_CONV_FAR_TO_LINEAR          F   (RTSHC08.C.o)
_CONV_FAR_TO_NEAR            F   (RTSHC08.C.o)
_CONV_LINEAR_TO_FAR          F   (RTSHC08.C.o)
_COPY                        I   (EMBEDDED.C.o)
_COPY                        I   (PRINTF.C.o)
_COPY                        F   (RTSHC08.C.o)
_COPY                        I   (SCANF.C.o)
_COPY                        I   (STDLIB.C.o)
_COPY_L                      F   (RTSHC08.C.o)
_IASR                        F   (RTSHC08.C.o)
_ICMP                        F   (RTSHC08.C.o)
_ICMP                        I   (STDLIB.C.o)
_IDIVS_STAR08                I   (HEAP.C.o)
_IDIVS_STAR08                I   (INOUT.C.o)
_IDIVS_STAR08                F   (RTSHC08.C.o)
_IDIVS_STAR08                I   (STDLIB.C.o)
_IDIVU_8                     F   (RTSHC08.C.o)
_IDIVU_STAR08                I   (ALLOC.C.o)
_IDIVU_STAR08                F   (RTSHC08.C.o)
_IDIVU_STAR08                I   (STDLIB.C.o)
_ILSL                        F   (RTSHC08.C.o)
_ILSR                        F   (RTSHC08.C.o)
_IMODS_STAR08                I   (INOUT.C.o)
_IMODS_STAR08                F   (RTSHC08.C.o)
_IMODS_STAR08                I   (STDLIB.C.o)
_IMODU_8                     F   (RTSHC08.C.o)
_IMODU_STAR08                F   (RTSHC08.C.o)
_IMODU_STAR08                I   (STDLIB.C.o)
_IMUL_STAR08                 I   (ALLOC.C.o)
_IMUL_STAR08                 I   (INOUT.C.o)
_IMUL_STAR08                 I   (PRINTF.C.o)
_IMUL_STAR08                 F   (RTSHC08.C.o)
_IMUL_STAR08                 I   (SCANF.C.o)
_IMUL_STAR08                 I   (STDLIB.C.o)
_Jump_Table_Addr             I   (PRINTF.C.o)
_Jump_Table_Addr             F   (RTSHC08.C.o)
_Jump_Table_Addr             I   (SCANF.C.o)
_Jump_Table_Header_Addr      F   (RTSHC08.C.o)
_Jump_Table_Header_Addr      I   (SCANF.C.o)
_Jump_Table_Header_Offset    F   (RTSHC08.C.o)
_Jump_Table_Header_Offset    I   (SCANF.C.o)
_Jump_Table_Offset           F   (RTSHC08.C.o)
_LADD                        F   (RTSHC08.C.o)
_LADD                        I   (STDLIB.C.o)
_LADD_RC                     F   (RTSHC08.C.o)
_LADD_RC                     I   (STDLIB.C.o)
_LAND                        F   (RTSHC08.C.o)
_LAND_RC                     F   (RTSHC08.C.o)
_LASR                        F   (RTSHC08.C.o)
_LCMP                        I   (PRINTF.C.o)
_LCMP                        F   (RTSHC08.C.o)
_LCMP                        I   (STDLIB.C.o)
_LCMP_RC                     I   (INOUT.C.o)
_LCMP_RC                     F   (RTSHC08.C.o)
_LCMP_RC                     I   (STDLIB.C.o)
_LDEC                        F   (RTSHC08.C.o)
_LDIVS                       F   (RTSHC08.C.o)
_LDIVS                       I   (STDLIB.C.o)
_LDIVS_LC                    F   (RTSHC08.C.o)
_LDIVS_RC                    I   (INOUT.C.o)
_LDIVS_RC                    F   (RTSHC08.C.o)
_LDIVS_RC                    I   (STDLIB.C.o)
_LDIVU                       F   (RTSHC08.C.o)
_LDIVU                       I   (STDLIB.C.o)
_LDIVU_LC                    F   (RTSHC08.C.o)
_LDIVU_RC                    F   (RTSHC08.C.o)
_LINC                        F   (RTSHC08.C.o)
_LLSL                        F   (RTSHC08.C.o)
_LLSR                        F   (RTSHC08.C.o)
_LMODS                       F   (RTSHC08.C.o)
_LMODS                       I   (STDLIB.C.o)
_LMODS_LC                    F   (RTSHC08.C.o)
_LMODS_RC                    I   (INOUT.C.o)
_LMODS_RC                    F   (RTSHC08.C.o)
_LMODS_RC                    I   (STDLIB.C.o)
_LMODU                       F   (RTSHC08.C.o)
_LMODU_LC                    F   (RTSHC08.C.o)
_LMODU_RC                    F   (RTSHC08.C.o)
_LMUL                        F   (RTSHC08.C.o)
_LMUL                        I   (STDLIB.C.o)
_LMUL_RC                     F   (RTSHC08.C.o)
_LMUL_RC                     I   (STDLIB.C.o)
_LNEG                        I   (INOUT.C.o)
_LNEG                        I   (PRINTF.C.o)
_LNEG                        F   (RTSHC08.C.o)
_LNEG                        I   (STDLIB.C.o)
_LNOT                        F   (RTSHC08.C.o)
_LOR                         F   (RTSHC08.C.o)
_LOR_RC                      F   (RTSHC08.C.o)
_LSUB                        I   (PRINTF.C.o)
_LSUB                        F   (RTSHC08.C.o)
_LSUB                        I   (STDLIB.C.o)
_LSUB_LC                     F   (RTSHC08.C.o)
_LSUB_LC                     I   (STDLIB.C.o)
_LSUB_RC                     F   (RTSHC08.C.o)
_LXOR                        F   (RTSHC08.C.o)
_LXOR_RC                     F   (RTSHC08.C.o)
_POP32                       I   (INOUT.C.o)
_POP32                       I   (PRINTF.C.o)
_POP32                       F   (RTSHC08.C.o)
_POP32                       I   (SCANF.C.o)
_POP32                       I   (STDLIB.C.o)
_POP64                       F   (RTSHC08.C.o)
_POP_CC                      F   (RTSHC08.C.o)
_PUSH_CC                     F   (RTSHC08.C.o)
_PowOfTwo_16                 O   (RTSHC08.C.o)
_PowOfTwo_32                 O   (RTSHC08.C.o)
_PowOfTwo_8                  O   (RTSHC08.C.o)
_SEXT16_32                   I   (PRINTF.C.o)
_SEXT16_32                   F   (RTSHC08.C.o)
_SEXT16_32                   I   (SCANF.C.o)
_SEXT16_32                   I   (STDLIB.C.o)
_SEXT8_32                    F   (RTSHC08.C.o)
_STORE32                     F   (RTSHC08.C.o)
_STORE64                     F   (RTSHC08.C.o)
_Search_Table_16_Addr        F   (RTSHC08.C.o)
_Search_Table_16_Offset      F   (RTSHC08.C.o)
_Search_Table_8_Addr         I   (PRINTF.C.o)
_Search_Table_8_Addr         F   (RTSHC08.C.o)
_Search_Table_8_Addr         I   (SCANF.C.o)
_Search_Table_8_Offset       I   (PRINTF.C.o)
_Search_Table_8_Offset       F   (RTSHC08.C.o)
_assert                      F   (ASSERT.C.o)
_ctype                       O   (CTYPE.C.o)
_dft_sig_handler             F   (SIGNAL.C.o)
_heap_                       I   (ALLOC.C.o)
_heap_                       O   (HEAP.C.o)
_heapcrash_                  I   (ALLOC.C.o)
_heapcrash_                  F   (HEAP.C.o)
_itoa                        F   (STDLIB.C.o)
_memcpy_8bitCount            F   (STRING.C.o)
_memset_clear_8bitCount      F   (STRING.C.o)
_setjmp                      F   (SETJMP.C.o)
_strtol                      I   (SCANF.C.o)
_strtol                      F   (STDLIB.C.o)
_strtoul                     F   (STDLIB.C.o)
abort                        I   (ASSERT.C.o)
abort                        F   (EMBEDDED.C.o)
abs                          F   (STDLIB.C.o)
atexit                       F   (STDLIB.C.o)
bsearch                      F   (STDLIB.C.o)
calloc                       F   (ALLOC.C.o)
channels                     O   (STDLIB.C.o)
clock                        F   (EMBEDDED.C.o)
div                          F   (STDLIB.C.o)
errno                        O   (RTSHC08.C.o)
errno                        I   (SIGNAL.C.o)
errno                        I   (STDLIB.C.o)
exit                         F   (EMBEDDED.C.o)
fclose                       F   (EMBEDDED.C.o)
fflush                       F   (EMBEDDED.C.o)
fgetc                        F   (EMBEDDED.C.o)
fopen                        F   (EMBEDDED.C.o)
fprintf                      F   (EMBEDDED.C.o)
fputc                        F   (EMBEDDED.C.o)
fputs                        F   (EMBEDDED.C.o)
free                         F   (ALLOC.C.o)
getenv                       F   (STDLIB.C.o)
gets                         F   (EMBEDDED.C.o)
isalnum                      F   (CTYPE.C.o)
isalpha                      F   (CTYPE.C.o)
iscntrl                      F   (CTYPE.C.o)
isdigit                      F   (CTYPE.C.o)
isdigit                      I   (STDLIB.C.o)
isgraph                      F   (CTYPE.C.o)
islower                      F   (CTYPE.C.o)
isprint                      F   (CTYPE.C.o)
ispunct                      F   (CTYPE.C.o)
isspace                      F   (CTYPE.C.o)
isspace                      I   (SCANF.C.o)
isspace                      I   (STDLIB.C.o)
isupper                      F   (CTYPE.C.o)
isxdigit                     F   (CTYPE.C.o)
labs                         F   (STDLIB.C.o)
ldiv                         F   (STDLIB.C.o)
localeconv                   F   (LOCALE.C.o)
longjmp                      F   (SETJMP.C.o)
malloc                       F   (ALLOC.C.o)
mblen                        F   (STDLIB.C.o)
mbstowcs                     F   (STDLIB.C.o)
mbtowc                       F   (STDLIB.C.o)
memchr                       F   (STRING.C.o)
memcmp                       F   (STRING.C.o)
memcpy                       I   (ALLOC.C.o)
memcpy                       F   (STRING.C.o)
memcpy2                      F   (STRING.C.o)
memmove                      F   (STRING.C.o)
memset                       I   (ALLOC.C.o)
memset                       F   (STRING.C.o)
printf                       F   (EMBEDDED.C.o)
puts                         F   (EMBEDDED.C.o)
qsort                        F   (STDLIB.C.o)
raise                        F   (SIGNAL.C.o)
rand                         F   (STDLIB.C.o)
realloc                      F   (ALLOC.C.o)
remove                       F   (EMBEDDED.C.o)
scanf                        F   (EMBEDDED.C.o)
set_printf                   I   (EMBEDDED.C.o)
set_printf                   F   (PRINTF.C.o)
setlocale                    F   (LOCALE.C.o)
signal                       F   (SIGNAL.C.o)
sprintf                      F   (PRINTF.C.o)
srand                        F   (STDLIB.C.o)
sscanf                       F   (SCANF.C.o)
strcat                       F   (STRING.C.o)
strchr                       F   (STRING.C.o)
strcmp                       F   (STRING.C.o)
strcoll                      F   (STRING.C.o)
strcpy                       F   (STRING.C.o)
strcspn                      F   (STRING.C.o)
strerror                     F   (STRING.C.o)
strlen                       F   (STRING.C.o)
strncat                      F   (STRING.C.o)
strncmp                      F   (STRING.C.o)
strncpy                      F   (STRING.C.o)
strpbrk                      F   (STRING.C.o)
strrchr                      F   (STRING.C.o)
strset                       F   (STRING.C.o)
strspn                       F   (STRING.C.o)
strstr                       F   (STRING.C.o)
strtok                       F   (STRING.C.o)
strtol                       F   (STDLIB.C.o)
strtoul                      F   (STDLIB.C.o)
strxfrm                      F   (STRING.C.o)
system                       F   (STDLIB.C.o)
tolower                      F   (CTYPE.C.o)
toupper                      F   (CTYPE.C.o)
toupper                      I   (STDLIB.C.o)
vprintf                      I   (EMBEDDED.C.o)
vprintf                      F   (PRINTF.C.o)
vsprintf                     F   (PRINTF.C.o)
vsscanf                      I   (EMBEDDED.C.o)
vsscanf                      F   (SCANF.C.o)
wcstombs                     F   (STDLIB.C.o)
wctomb                       F   (STDLIB.C.o)
